## The task

1. Use `git status` to see which branch you are on.
#No ramo main
#Your branch is up to date with 'origin/main'.
#nothing to commit, working tree clean

2. What does `git log` look like?
# Aparece os últimos commits realizados na pasta resident-profile
#Exemplo:
#commit 615a50d01ac185f9eee8d45d2332a7646dc4f4e6 (HEAD -> main, origin/main, origin/HEAD)
#Author: DayanaCris <dayanacristinesantos89@gmail.com>
#Date:   Mon Oct 10 16:56:51 2022 -0300
#    atualização

3. Create a file
#nano file.txt

4. What does the output from `git status` look like now?
#No ramo main
#Your branch is up to date with 'origin/main'.

#Arquivos não monitorados:
#  (utilize "git add <arquivo>..." para incluir o que será submetido)
#	file.txt
#nada adicionado ao envio mas arquivos não registrados estão presentes (use "git add" to registrar)

5. `add` the file to the staging area
# git add file.txt
  
6. How does `git status` look now?
#No ramo main
#Your branch is up to date with 'origin/main'.

#Mudanças a serem submetidas:
#  (use "git restore --staged <file>..." to unstage)
#	new file:   file.txt


7. `commit` the file to the repository
#git commit -m "add file"
#[main 9e8d7af] add file
# 1 file changed, 1 insertion(+)
# create mode 100644 Dayana_C/Exer_git_Katas/basic-commits/file.txt

8. How does `git status` look now?
#No ramo main
#Seu ramo está à frente de 'origin/main' por 1 submissão.
#  (use "git push" to publish your local commits)

#nothing to commit, working tree clean
 
9. Change the content of the file you created earlier
# nano file.txt

10. What does `git status` look like now?
#No ramo main
#Seu ramo está à frente de 'origin/main' por 1 submissão.
#  (use "git push" to publish your local commits)

#Changes not staged for commit:
#  (utilize "git add <arquivo>..." para atualizar o que será submetido)
#  (use "git restore <file>..." to discard changes in working directory)
#	modified:   file.txt

#nenhuma modificação adicionada à submissão (utilize "git add" e/ou "git commit -a")

11. `add` the file change
#git add file.txt

12. What does `git status` look like now?
#No ramo main
#Seu ramo está à frente de 'origin/main' por 1 submissão.
#  (use "git push" to publish your local commits)

#Mudanças a serem submetidas:
#  (use "git restore --staged <file>..." to unstage)
#	modified:   file.txt

13. Change the file again
# nano file.txt
14. Make a `commit`
# [main ae1702c] add file
# 1 file changed, 2 insertions(+)

15. What does the `status` look like now? The `log`?
# git status
#No ramo main
#Seu ramo está à frente de 'origin/main' por 2 submissões.
#  (use "git push" to publish your local commits)

#Changes not staged for commit:
#  (utilize "git add <arquivo>..." para atualizar o que será submetido)
#  (use "git restore <file>..." to discard changes in working directory)
#	modified:   file.txt

#nenhuma modificação adicionada à submissão (utilize "git add" e/ou "git commit -a")

# git log

#Author: DayanaCris <dayanacristinesantos89@gmail.com>
#Date:   Mon Oct 10 17:50:46 2022 -0300

#    add file

#commit 9e8d7af6460cd35bed2d9af997445696cdecd1a7
#Author: DayanaCris <dayanacristinesantos89@gmail.com>
#Date:   Mon Oct 10 17:43:58 2022 -0300

#    add file

#commit 615a50d01ac185f9eee8d45d2332a7646dc4f4e6 (origin/main, origin/HEAD)
#Author: DayanaCris <dayanacristinesantos89@gmail.com>
#Date:   Mon Oct 10 16:56:51 2022 -0300

#    atualização
 
16. Add and commit the newest change
# git add .
#git commit -m "add file"
